
> jagatraya-erp@1.0.0 build
> vite build

[36mvite v7.3.1 [32mbuilding client environment for production...[36m[39m
transforming...
node.exe : [33m[plugin vite:esbuild] 
src/pages/transaction/ReceivingList.jsx: [33mDuplicate 
key "quantity" in object literal[33m
At line:1 char:1
+ & "C:\Program Files\nodejs/node.exe" "C:\Program 
Files\nodejs/node_mo ...
+ ~~~~~~~~~~~~~~~~~~~~~~~~~~~~~~~~~~~~~~~~~~~~~~~~~~~~~~~~
~~~~~~~~~~~~~
    + CategoryInfo          : NotSpecified: ([33m[plugin 
    vi...ct literal[33m:String) [], RemoteException
    + FullyQualifiedErrorId : NativeCommandError
 
131 |                              item_id: d.item_id,
132 |                              quantity: outstanding,
133 |                              quantity: outstanding,
    |                              ^
134 |                              unit_price: 
parseFloat(d.unit_price || 0),
135 |                              remarks: ''
[39m
[33m[plugin vite:esbuild] 
src/pages/transaction/PurchaseOrderList.jsx: 
[33mDuplicate key "transcode_id" in object literal[33m
165 |                      })),
166 |                      transcode_id: po.transcode_id 
|| '',
167 |                      transcode_id: po.transcode_id 
|| '',
    |                      ^
168 |                      tax_type: po.tax_type || 
(po.ppn_included !== undefined ? (po.ppn_included ? 
'Exclude' : 'No Tax'...
169 |                      payment_term_id: 
po.payment_term_id || '',
[39m
[32mΓ£ô[39m 733 modules transformed.
rendering chunks...
computing gzip size...
[2mdist/[22m[32mindex.html                 [39m[1m[2m    1.40 kB[22m[1m[22m[2m Γöé gzip:   0.64 kB[22m
[2mdist/[22m[35massets/index-mCiW62ox.css  [39m[1m[2m    9.21 kB[22m[1m[22m[2m Γöé gzip:   2.42 kB[22m
[2mdist/[22m[36massets/index-Ba-RRNU7.js   [39m[1m[33m1,014.95 kB[39m[22m[2m Γöé gzip: 243.62 kB[22m
[33m
(!) Some chunks are larger than 500 kB after 
minification. Consider:
- Using dynamic import() to code-split the application
- Use build.rollupOptions.output.manualChunks to improve 
chunking: https://rollupjs.org/configuration-options/#outp
ut-manualchunks
- Adjust chunk size limit for this warning via 
build.chunkSizeWarningLimit.[39m
[32mΓ£ô built in 5.47s[39m
